// Jest Snapshot v1, https://goo.gl/fbAQLP

exports[`RHFPasswordInput.test snapshot 1`] = `
<div>
  <div
    class="mantine-InputWrapper-root mantine-PasswordInput-root mantine-1m3pqry"
  >
    <div
      class="mantine-Input-wrapper mantine-PasswordInput-wrapper mantine-12sbrde"
    >
      <div
        class="__mantine-ref-icon mantine-Input-icon mantine-PasswordInput-icon mantine-1qxjidu"
      >
        <svg
          fill="none"
          font-size="14"
          height="16"
          viewBox="0 0 14 15"
          width="16"
          xmlns="http://www.w3.org/2000/svg"
        >
          <path
            d="M6.996 2.774C3.694 2.774.786 5.062.014 8.06a.438.438 0 1 0 .847.217c.665-2.584 3.242-4.63 6.135-4.63s5.478 2.047 6.143 4.63a.438.438 0 0 0 .847-.217c-.772-3-3.689-5.287-6.99-5.287Zm.005 2.333a2.825 2.825 0 0 0-2.82 2.819 2.826 2.826 0 0 0 2.82 2.819 2.826 2.826 0 0 0 2.819-2.82A2.826 2.826 0 0 0 7 5.107Zm0 .875c1.078 0 1.944.865 1.944 1.944A1.938 1.938 0 0 1 7 9.87a1.937 1.937 0 0 1-1.944-1.944c0-1.08.865-1.944 1.944-1.944Z"
            fill="currentColor"
          />
        </svg>
      </div>
      <div
        aria-invalid="false"
        class="mantine-PasswordInput-input mantine-Input-input mantine-PasswordInput-input mantine-Input-withIcon mantine-PasswordInput-withIcon mantine-1qyinf5"
      >
        <input
          autocomplete="off"
          class="__mantine-ref-innerInput mantine-PasswordInput-innerInput mantine-PasswordInput-withIcon mantine-9rl397"
          data-testid="password"
          id="mantine-r0"
          name="password"
          type="password"
          value=""
        />
      </div>
      <div
        class="mantine-1jdmi3h mantine-Input-rightSection mantine-PasswordInput-rightSection"
      >
        <button
          aria-hidden="true"
          class="mantine-UnstyledButton-root mantine-ActionIcon-root mantine-PasswordInput-visibilityToggle mantine-14z3xly"
          tabindex="-1"
          type="button"
        >
          <svg
            data-testid="closed-eye"
            fill="none"
            font-size="15"
            height="16"
            viewBox="0 0 15 16"
            width="16"
            xmlns="http://www.w3.org/2000/svg"
          >
            <path
              d="M6.993.774C4.304.774 1.827 1.98.143 3.846a.552.552 0 0 0 .82.74c1.481-1.64 3.673-2.708 6.03-2.708 2.356 0 4.552 1.069 6.038 2.71a.554.554 0 0 0 .935-.557.553.553 0 0 0-.117-.185C12.161 1.98 9.681.774 6.993.774Zm6.034 6.619a.552.552 0 0 0-.508.418c-.59 2.217-2.916 4.009-5.526 4.009s-4.929-1.79-5.52-4.009a.552.552 0 1 0-1.067.285c.176.663.474 1.282.86 1.846l-1.049.874a.553.553 0 1 0 .708.848l1.101-.918c.4.413.83.776 1.328 1.082l-.675 1.17a.552.552 0 1 0 .957.552l.7-1.212c.667.277 1.361.482 2.108.541v1.334a.552.552 0 1 0 1.105 0V12.88c.745-.06 1.44-.266 2.107-.542l.7 1.213a.552.552 0 1 0 .957-.552l-.676-1.172a6.739 6.739 0 0 0 1.328-1.081l1.102.919a.554.554 0 1 0 .708-.848l-1.05-.875a6.016 6.016 0 0 0 .862-1.845.553.553 0 0 0-.56-.703Z"
              fill="currentColor"
            />
          </svg>
        </button>
      </div>
    </div>
  </div>
</div>
`;
