// Jest Snapshot v1, https://goo.gl/fbAQLP

exports[`TextGroup snapshot 1`] = `
<div>
  <div
    class="mantine-zyyu8x"
    data-testid="text-group-flex"
  >
    <svg
      fill="none"
      height="16"
      viewBox="0 0 14 16"
      width="16"
      xmlns="http://www.w3.org/2000/svg"
    >
      <path
        d="M7 .774c-3.86 0-7 3.14-7 7s3.14 7 7 7 7-3.14 7-7-3.14-7-7-7Zm0 1.05a5.942 5.942 0 0 1 5.95 5.95A5.942 5.942 0 0 1 7 13.724a5.942 5.942 0 0 1-5.95-5.95A5.942 5.942 0 0 1 7 1.824Zm0 2.8a3.158 3.158 0 0 0-3.15 3.15A3.158 3.158 0 0 0 7 10.924a3.158 3.158 0 0 0 3.15-3.15A3.158 3.158 0 0 0 7 4.624Zm0 1.05c1.166 0 2.1.934 2.1 2.1s-.934 2.1-2.1 2.1-2.1-.934-2.1-2.1.934-2.1 2.1-2.1Z"
        fill="currentColor"
      />
    </svg>
    <div
      class="mantine-Text-root mantine-1pbxw0k"
      data-testid="text-group-text"
    >
      Label
    </div>
    <svg
      fill="none"
      height="16"
      viewBox="0 0 14 16"
      width="16"
      xmlns="http://www.w3.org/2000/svg"
    >
      <path
        d="M7 .774c-3.86 0-7 3.14-7 7s3.14 7 7 7 7-3.14 7-7-3.14-7-7-7Zm0 1.05a5.942 5.942 0 0 1 5.95 5.95A5.942 5.942 0 0 1 7 13.724a5.942 5.942 0 0 1-5.95-5.95A5.942 5.942 0 0 1 7 1.824Zm0 2.8a3.158 3.158 0 0 0-3.15 3.15A3.158 3.158 0 0 0 7 10.924a3.158 3.158 0 0 0 3.15-3.15A3.158 3.158 0 0 0 7 4.624Zm0 1.05c1.166 0 2.1.934 2.1 2.1s-.934 2.1-2.1 2.1-2.1-.934-2.1-2.1.934-2.1 2.1-2.1Z"
        fill="currentColor"
      />
    </svg>
  </div>
</div>
`;
